[0.005s] Invoking command in '/home/mustardking/ws_sensor_combined/build/px4_ros_com': AMENT_PREFIX_PATH=/home/mustardking/ws_sensor_combined/install/px4_msgs CMAKE_PREFIX_PATH=/home/mustardking/ws_sensor_combined/install/px4_msgs LD_LIBRARY_PATH=/home/mustardking/ws_sensor_combined/install/px4_msgs/lib PYTHONPATH=/home/mustardking/ws_sensor_combined/install/px4_msgs/local/lib/python3.10/dist-packages /usr/bin/cmake --build /home/mustardking/ws_sensor_combined/build/px4_ros_com -- -j4 -l4
[0.074s] [35m[1mConsolidate compiler generated dependencies of target sensor_combined_listener[0m
[0.075s] [35m[1mConsolidate compiler generated dependencies of target frame_transforms[0m
[0.081s] [35m[1mConsolidate compiler generated dependencies of target debug_vect_advertiser[0m
[0.093s] [ 16%] Built target debug_vect_advertiser
[0.096s] [35m[1mConsolidate compiler generated dependencies of target vehicle_gps_position_listener[0m
[0.097s] [ 33%] Built target sensor_combined_listener
[0.101s] [35m[1mConsolidate compiler generated dependencies of target offboard_control[0m
[0.103s] [ 50%] Built target frame_transforms
[0.108s] [35m[1mConsolidate compiler generated dependencies of target offboard_control_srv[0m
[0.111s] [ 66%] Built target vehicle_gps_position_listener
[0.112s] [ 83%] Built target offboard_control
[0.116s] [100%] Built target offboard_control_srv
[0.121s] [100%] Built target ament_cmake_python_copy_px4_ros_com
[0.205s] running egg_info
[0.209s] writing px4_ros_com.egg-info/PKG-INFO
[0.209s] writing dependency_links to px4_ros_com.egg-info/dependency_links.txt
[0.210s] writing top-level names to px4_ros_com.egg-info/top_level.txt
[0.221s] reading manifest file 'px4_ros_com.egg-info/SOURCES.txt'
[0.222s] writing manifest file 'px4_ros_com.egg-info/SOURCES.txt'
[0.241s] [100%] Built target ament_cmake_python_build_px4_ros_com_egg
[0.252s] Invoked command in '/home/mustardking/ws_sensor_combined/build/px4_ros_com' returned '0': AMENT_PREFIX_PATH=/home/mustardking/ws_sensor_combined/install/px4_msgs CMAKE_PREFIX_PATH=/home/mustardking/ws_sensor_combined/install/px4_msgs LD_LIBRARY_PATH=/home/mustardking/ws_sensor_combined/install/px4_msgs/lib PYTHONPATH=/home/mustardking/ws_sensor_combined/install/px4_msgs/local/lib/python3.10/dist-packages /usr/bin/cmake --build /home/mustardking/ws_sensor_combined/build/px4_ros_com -- -j4 -l4
[0.254s] Invoking command in '/home/mustardking/ws_sensor_combined/build/px4_ros_com': AMENT_PREFIX_PATH=/home/mustardking/ws_sensor_combined/install/px4_msgs CMAKE_PREFIX_PATH=/home/mustardking/ws_sensor_combined/install/px4_msgs LD_LIBRARY_PATH=/home/mustardking/ws_sensor_combined/install/px4_msgs/lib PYTHONPATH=/home/mustardking/ws_sensor_combined/install/px4_msgs/local/lib/python3.10/dist-packages /usr/bin/cmake --install /home/mustardking/ws_sensor_combined/build/px4_ros_com
[0.260s] -- Install configuration: ""
[0.260s] -- Up-to-date: /home/mustardking/ws_sensor_combined/install/px4_ros_com/lib/px4_ros_com/sensor_combined_listener
[0.261s] -- Up-to-date: /home/mustardking/ws_sensor_combined/install/px4_ros_com/lib/px4_ros_com/vehicle_gps_position_listener
[0.261s] -- Up-to-date: /home/mustardking/ws_sensor_combined/install/px4_ros_com/lib/px4_ros_com/debug_vect_advertiser
[0.262s] -- Up-to-date: /home/mustardking/ws_sensor_combined/install/px4_ros_com/lib/px4_ros_com/offboard_control
[0.263s] -- Up-to-date: /home/mustardking/ws_sensor_combined/install/px4_ros_com/lib/px4_ros_com/offboard_control_srv
[0.263s] -- Up-to-date: /home/mustardking/ws_sensor_combined/install/px4_ros_com/share/px4_ros_com/environment/library_path.sh
[0.263s] -- Up-to-date: /home/mustardking/ws_sensor_combined/install/px4_ros_com/share/px4_ros_com/environment/library_path.dsv
[0.263s] -- Up-to-date: /home/mustardking/ws_sensor_combined/install/px4_ros_com/include/px4_ros_com
[0.263s] -- Up-to-date: /home/mustardking/ws_sensor_combined/install/px4_ros_com/include/px4_ros_com/frame_transforms.h
[0.264s] -- Up-to-date: /home/mustardking/ws_sensor_combined/install/px4_ros_com/lib/libframe_transforms.so
[0.264s] -- Up-to-date: /home/mustardking/ws_sensor_combined/install/px4_ros_com/share/px4_ros_com//launch
[0.264s] -- Up-to-date: /home/mustardking/ws_sensor_combined/install/px4_ros_com/share/px4_ros_com//launch/offboard_control_launch.yaml
[0.264s] -- Up-to-date: /home/mustardking/ws_sensor_combined/install/px4_ros_com/share/px4_ros_com//launch/sensor_combined_listener.launch.py
[0.264s] -- Up-to-date: /home/mustardking/ws_sensor_combined/install/px4_ros_com/share/px4_ros_com//test
[0.264s] -- Up-to-date: /home/mustardking/ws_sensor_combined/install/px4_ros_com/share/px4_ros_com//test/test_output.py
[0.264s] -- Up-to-date: /home/mustardking/ws_sensor_combined/install/px4_ros_com/share/px4_ros_com//test/__init__.py
[0.264s] -- Up-to-date: /home/mustardking/ws_sensor_combined/install/px4_ros_com/share/px4_ros_com//test/pipeline_io_test.py
[0.264s] -- Up-to-date: /home/mustardking/ws_sensor_combined/install/px4_ros_com/share/px4_ros_com//test/test_input.py
[0.264s] -- Up-to-date: /home/mustardking/ws_sensor_combined/install/px4_ros_com/share/px4_ros_com/environment/pythonpath.sh
[0.264s] -- Up-to-date: /home/mustardking/ws_sensor_combined/install/px4_ros_com/share/px4_ros_com/environment/pythonpath.dsv
[0.264s] -- Up-to-date: /home/mustardking/ws_sensor_combined/install/px4_ros_com/local/lib/python3.10/dist-packages/px4_ros_com-0.1.0-py3.10.egg-info
[0.264s] -- Installing: /home/mustardking/ws_sensor_combined/install/px4_ros_com/local/lib/python3.10/dist-packages/px4_ros_com-0.1.0-py3.10.egg-info/SOURCES.txt
[0.265s] -- Installing: /home/mustardking/ws_sensor_combined/install/px4_ros_com/local/lib/python3.10/dist-packages/px4_ros_com-0.1.0-py3.10.egg-info/PKG-INFO
[0.265s] -- Installing: /home/mustardking/ws_sensor_combined/install/px4_ros_com/local/lib/python3.10/dist-packages/px4_ros_com-0.1.0-py3.10.egg-info/dependency_links.txt
[0.265s] -- Installing: /home/mustardking/ws_sensor_combined/install/px4_ros_com/local/lib/python3.10/dist-packages/px4_ros_com-0.1.0-py3.10.egg-info/top_level.txt
[0.265s] -- Up-to-date: /home/mustardking/ws_sensor_combined/install/px4_ros_com/local/lib/python3.10/dist-packages/px4_ros_com
[0.265s] -- Up-to-date: /home/mustardking/ws_sensor_combined/install/px4_ros_com/local/lib/python3.10/dist-packages/px4_ros_com/module_to_import.py
[0.265s] -- Up-to-date: /home/mustardking/ws_sensor_combined/install/px4_ros_com/local/lib/python3.10/dist-packages/px4_ros_com/__init__.py
[0.280s] Listing '/home/mustardking/ws_sensor_combined/install/px4_ros_com/local/lib/python3.10/dist-packages/px4_ros_com'...
[0.282s] -- Up-to-date: /home/mustardking/ws_sensor_combined/install/px4_ros_com/lib/px4_ros_com/offboard_control.py
[0.283s] -- Up-to-date: /home/mustardking/ws_sensor_combined/install/px4_ros_com/share/ament_index/resource_index/package_run_dependencies/px4_ros_com
[0.283s] -- Up-to-date: /home/mustardking/ws_sensor_combined/install/px4_ros_com/share/ament_index/resource_index/parent_prefix_path/px4_ros_com
[0.283s] -- Up-to-date: /home/mustardking/ws_sensor_combined/install/px4_ros_com/share/px4_ros_com/environment/ament_prefix_path.sh
[0.283s] -- Up-to-date: /home/mustardking/ws_sensor_combined/install/px4_ros_com/share/px4_ros_com/environment/ament_prefix_path.dsv
[0.283s] -- Up-to-date: /home/mustardking/ws_sensor_combined/install/px4_ros_com/share/px4_ros_com/environment/path.sh
[0.283s] -- Up-to-date: /home/mustardking/ws_sensor_combined/install/px4_ros_com/share/px4_ros_com/environment/path.dsv
[0.283s] -- Up-to-date: /home/mustardking/ws_sensor_combined/install/px4_ros_com/share/px4_ros_com/local_setup.bash
[0.283s] -- Up-to-date: /home/mustardking/ws_sensor_combined/install/px4_ros_com/share/px4_ros_com/local_setup.sh
[0.283s] -- Up-to-date: /home/mustardking/ws_sensor_combined/install/px4_ros_com/share/px4_ros_com/local_setup.zsh
[0.283s] -- Up-to-date: /home/mustardking/ws_sensor_combined/install/px4_ros_com/share/px4_ros_com/local_setup.dsv
[0.283s] -- Installing: /home/mustardking/ws_sensor_combined/install/px4_ros_com/share/px4_ros_com/package.dsv
[0.283s] -- Up-to-date: /home/mustardking/ws_sensor_combined/install/px4_ros_com/share/ament_index/resource_index/packages/px4_ros_com
[0.284s] -- Up-to-date: /home/mustardking/ws_sensor_combined/install/px4_ros_com/share/px4_ros_com/cmake/export_frame_transformsExport.cmake
[0.284s] -- Up-to-date: /home/mustardking/ws_sensor_combined/install/px4_ros_com/share/px4_ros_com/cmake/export_frame_transformsExport-noconfig.cmake
[0.284s] -- Up-to-date: /home/mustardking/ws_sensor_combined/install/px4_ros_com/share/px4_ros_com/cmake/ament_cmake_export_dependencies-extras.cmake
[0.284s] -- Up-to-date: /home/mustardking/ws_sensor_combined/install/px4_ros_com/share/px4_ros_com/cmake/ament_cmake_export_targets-extras.cmake
[0.284s] -- Up-to-date: /home/mustardking/ws_sensor_combined/install/px4_ros_com/share/px4_ros_com/cmake/ament_cmake_export_include_directories-extras.cmake
[0.284s] -- Up-to-date: /home/mustardking/ws_sensor_combined/install/px4_ros_com/share/px4_ros_com/cmake/ament_cmake_export_libraries-extras.cmake
[0.284s] -- Up-to-date: /home/mustardking/ws_sensor_combined/install/px4_ros_com/share/px4_ros_com/cmake/px4_ros_comConfig.cmake
[0.284s] -- Up-to-date: /home/mustardking/ws_sensor_combined/install/px4_ros_com/share/px4_ros_com/cmake/px4_ros_comConfig-version.cmake
[0.284s] -- Up-to-date: /home/mustardking/ws_sensor_combined/install/px4_ros_com/share/px4_ros_com/package.xml
[0.285s] Invoked command in '/home/mustardking/ws_sensor_combined/build/px4_ros_com' returned '0': AMENT_PREFIX_PATH=/home/mustardking/ws_sensor_combined/install/px4_msgs CMAKE_PREFIX_PATH=/home/mustardking/ws_sensor_combined/install/px4_msgs LD_LIBRARY_PATH=/home/mustardking/ws_sensor_combined/install/px4_msgs/lib PYTHONPATH=/home/mustardking/ws_sensor_combined/install/px4_msgs/local/lib/python3.10/dist-packages /usr/bin/cmake --install /home/mustardking/ws_sensor_combined/build/px4_ros_com
