[0.007s] Invoking command in '/home/mustardking/ws_sensor_combined/build/px4_ros_com': AMENT_PREFIX_PATH=/home/mustardking/ws_sensor_combined/install/px4_msgs:${AMENT_PREFIX_PATH} CMAKE_PREFIX_PATH=/home/mustardking/ws_sensor_combined/install/px4_msgs:/opt/ros/humble LD_LIBRARY_PATH=/home/mustardking/ws_sensor_combined/install/px4_msgs/lib:${LD_LIBRARY_PATH} PYTHONPATH=/home/mustardking/ws_sensor_combined/install/px4_msgs/local/lib/python3.10/dist-packages:${PYTHONPATH} /usr/bin/cmake /home/mustardking/ws_sensor_combined/src/px4_ros_com -DCMAKE_INSTALL_PREFIX=/home/mustardking/ws_sensor_combined/install/px4_ros_com
[0.060s] -- The C compiler identification is GNU 11.4.0
[0.114s] -- The CXX compiler identification is GNU 11.4.0
[0.120s] -- Detecting C compiler ABI info
[0.174s] -- Detecting C compiler ABI info - done
[0.180s] -- Check for working C compiler: /usr/bin/cc - skipped
[0.180s] -- Detecting C compile features
[0.181s] -- Detecting C compile features - done
[0.183s] -- Detecting CXX compiler ABI info
[0.240s] -- Detecting CXX compiler ABI info - done
[0.247s] -- Check for working CXX compiler: /usr/bin/c++ - skipped
[0.247s] -- Detecting CXX compile features
[0.247s] -- Detecting CXX compile features - done
[0.250s] -- Found ament_cmake: 1.3.12 (/opt/ros/humble/share/ament_cmake/cmake)
[0.542s] -- Found Python3: /usr/bin/python3 (found version "3.10.12") found components: Interpreter 
[0.613s] -- Found builtin_interfaces: 1.2.2 (/opt/ros/humble/share/builtin_interfaces/cmake)
[0.643s] -- Found rosidl_generator_c: 3.1.7 (/opt/ros/humble/share/rosidl_generator_c/cmake)
[0.648s] -- Found rosidl_adapter: 3.1.7 (/opt/ros/humble/share/rosidl_adapter/cmake)
[0.654s] -- Found rosidl_generator_cpp: 3.1.7 (/opt/ros/humble/share/rosidl_generator_cpp/cmake)
[0.667s] -- Using all available rosidl_typesupport_c: rosidl_typesupport_fastrtps_c;rosidl_typesupport_introspection_c
[0.678s] -- Using all available rosidl_typesupport_cpp: rosidl_typesupport_fastrtps_cpp;rosidl_typesupport_introspection_cpp
[0.692s] -- Found eigen3_cmake_module: 0.1.1 (/opt/ros/humble/share/eigen3_cmake_module/cmake)
[0.701s] -- Found Eigen3: TRUE (found version "3.4.0") 
[0.704s] -- Found geometry_msgs: 4.9.0 (/opt/ros/humble/share/geometry_msgs/cmake)
[0.736s] -- Found px4_msgs: 2.0.1 (/home/mustardking/ws_sensor_combined/install/px4_msgs/share/px4_msgs/cmake)
[0.748s] -- Found rclcpp: 16.0.15 (/opt/ros/humble/share/rclcpp/cmake)
[0.798s] -- Found rmw_implementation_cmake: 6.1.2 (/opt/ros/humble/share/rmw_implementation_cmake/cmake)
[0.801s] -- Found rmw_fastrtps_cpp: 6.2.9 (/opt/ros/humble/share/rmw_fastrtps_cpp/cmake)
[0.877s] -- Found OpenSSL: /usr/lib/aarch64-linux-gnu/libcrypto.so (found version "3.0.2")  
[0.906s] -- Found FastRTPS: /opt/ros/humble/include  
[0.947s] -- Using RMW implementation 'rmw_fastrtps_cpp' as default
[0.956s] -- Looking for pthread.h
[1.007s] -- Looking for pthread.h - found
[1.007s] -- Performing Test CMAKE_HAVE_LIBC_PTHREAD
[1.057s] -- Performing Test CMAKE_HAVE_LIBC_PTHREAD - Success
[1.058s] -- Found Threads: TRUE  
[1.105s] -- Found sensor_msgs: 4.9.0 (/opt/ros/humble/share/sensor_msgs/cmake)
[1.125s] -- Found rclpy: 3.3.17 (/opt/ros/humble/share/rclpy/cmake)
[1.132s] -- Found ament_lint_auto: 0.12.14 (/opt/ros/humble/share/ament_lint_auto/cmake)
[1.238s] -- Added test 'copyright' to check source files copyright and LICENSE
[1.242s] -- Added test 'cppcheck' to perform static code analysis on C / C++ code
[1.243s] -- Configured cppcheck include dirs: /home/mustardking/ws_sensor_combined/src/px4_ros_com/include;$<BUILD_INTERFACE:/home/mustardking/ws_sensor_combined/src/px4_ros_com/include/px4_ros_com>
[1.243s] -- Configured cppcheck exclude dirs and/or files: 
[1.246s] -- Added test 'cpplint' to check C / C++ code against the Google style
[1.246s] -- Configured cpplint exclude dirs and/or files: 
[1.247s] -- Added test 'flake8' to check Python code syntax and style conventions
[1.249s] -- Added test 'lint_cmake' to check CMake code style
[1.250s] -- Added test 'pep257' to check Python code against some of the docstring style conventions in PEP 257
[1.256s] -- Added test 'uncrustify' to check C / C++ code style
[1.256s] -- Configured uncrustify additional arguments: 
[1.257s] -- Added test 'xmllint' to check XML markup files
[1.259s] -- Configuring done
[1.283s] -- Generating done
[1.291s] -- Build files have been written to: /home/mustardking/ws_sensor_combined/build/px4_ros_com
[1.300s] Invoked command in '/home/mustardking/ws_sensor_combined/build/px4_ros_com' returned '0': AMENT_PREFIX_PATH=/home/mustardking/ws_sensor_combined/install/px4_msgs:${AMENT_PREFIX_PATH} CMAKE_PREFIX_PATH=/home/mustardking/ws_sensor_combined/install/px4_msgs:/opt/ros/humble LD_LIBRARY_PATH=/home/mustardking/ws_sensor_combined/install/px4_msgs/lib:${LD_LIBRARY_PATH} PYTHONPATH=/home/mustardking/ws_sensor_combined/install/px4_msgs/local/lib/python3.10/dist-packages:${PYTHONPATH} /usr/bin/cmake /home/mustardking/ws_sensor_combined/src/px4_ros_com -DCMAKE_INSTALL_PREFIX=/home/mustardking/ws_sensor_combined/install/px4_ros_com
[1.302s] Invoking command in '/home/mustardking/ws_sensor_combined/build/px4_ros_com': AMENT_PREFIX_PATH=/home/mustardking/ws_sensor_combined/install/px4_msgs:${AMENT_PREFIX_PATH} CMAKE_PREFIX_PATH=/home/mustardking/ws_sensor_combined/install/px4_msgs:/opt/ros/humble LD_LIBRARY_PATH=/home/mustardking/ws_sensor_combined/install/px4_msgs/lib:${LD_LIBRARY_PATH} PYTHONPATH=/home/mustardking/ws_sensor_combined/install/px4_msgs/local/lib/python3.10/dist-packages:${PYTHONPATH} /usr/bin/cmake --build /home/mustardking/ws_sensor_combined/build/px4_ros_com -- -j4 -l4
[1.335s] [  8%] [32mBuilding CXX object CMakeFiles/vehicle_gps_position_listener.dir/src/examples/listeners/vehicle_gps_position_listener.cpp.o[0m
[1.335s] [ 16%] [32mBuilding CXX object CMakeFiles/frame_transforms.dir/src/lib/frame_transforms.cpp.o[0m
[1.335s] [ 25%] [32mBuilding CXX object CMakeFiles/sensor_combined_listener.dir/src/examples/listeners/sensor_combined_listener.cpp.o[0m
[1.336s] [ 33%] [32mBuilding CXX object CMakeFiles/debug_vect_advertiser.dir/src/examples/advertisers/debug_vect_advertiser.cpp.o[0m
[2.242s] In file included from [01m[K/usr/include/eigen3/Eigen/Core:214[m[K,
[2.242s]                  from [01m[K/usr/include/eigen3/Eigen/Dense:1[m[K,
[2.243s]                  from [01m[K/usr/include/eigen3/Eigen/Eigen:1[m[K,
[2.243s]                  from [01m[K/home/mustardking/ws_sensor_combined/src/px4_ros_com/include/px4_ros_com/frame_transforms.h:45[m[K,
[2.243s]                  from [01m[K/home/mustardking/ws_sensor_combined/src/px4_ros_com/src/lib/frame_transforms.cpp:41[m[K:
[2.243s] [01m[K/usr/include/eigen3/Eigen/src/Core/arch/NEON/PacketMath.h:[m[K In function ‘[01m[KPacket Eigen::internal::pload(const typename Eigen::internal::unpacket_traits<T>::type*) [with Packet = Eigen::internal::eigen_packet_wrapper<int, 2>; typename Eigen::internal::unpacket_traits<T>::type = signed char][m[K’:
[2.243s] [01m[K/usr/include/eigen3/Eigen/src/Core/arch/NEON/PacketMath.h:1671:9:[m[K [01;35m[Kwarning: [m[K‘[01m[Kvoid* memcpy(void*, const void*, size_t)[m[K’ copying an object of non-trivial type ‘[01m[KEigen::internal::Packet4c[m[K’ {aka ‘[01m[Kstruct Eigen::internal::eigen_packet_wrapper<int, 2>[m[K’} from an array of ‘[01m[Kconst int8_t[m[K’ {aka ‘[01m[Kconst signed char[m[K’} [[01;35m[K]8;;https://gcc.gnu.org/onlinedocs/gcc/Warning-Options.html#index-Wclass-memaccess-Wclass-memaccess]8;;[m[K]
[2.243s]  1671 |   [01;35m[Kmemcpy(&res, from, sizeof(Packet4c))[m[K;
[2.243s]       |   [01;35m[K~~~~~~^~~~~~~~~~~~~~~~~~~~~~~~~~~~~~[m[K
[2.243s] In file included from [01m[K/usr/include/eigen3/Eigen/Core:172[m[K,
[2.243s]                  from [01m[K/usr/include/eigen3/Eigen/Dense:1[m[K,
[2.243s]                  from [01m[K/usr/include/eigen3/Eigen/Eigen:1[m[K,
[2.243s]                  from [01m[K/home/mustardking/ws_sensor_combined/src/px4_ros_com/include/px4_ros_com/frame_transforms.h:45[m[K,
[2.243s]                  from [01m[K/home/mustardking/ws_sensor_combined/src/px4_ros_com/src/lib/frame_transforms.cpp:41[m[K:
[2.243s] [01m[K/usr/include/eigen3/Eigen/src/Core/GenericPacketMath.h:159:8:[m[K [01;36m[Knote: [m[K‘[01m[KEigen::internal::Packet4c[m[K’ {aka ‘[01m[Kstruct Eigen::internal::eigen_packet_wrapper<int, 2>[m[K’} declared here
[2.243s]   159 | struct [01;36m[Keigen_packet_wrapper[m[K
[2.243s]       |        [01;36m[K^~~~~~~~~~~~~~~~~~~~[m[K
[2.244s] In file included from [01m[K/usr/include/eigen3/Eigen/Core:214[m[K,
[2.244s]                  from [01m[K/usr/include/eigen3/Eigen/Dense:1[m[K,
[2.244s]                  from [01m[K/usr/include/eigen3/Eigen/Eigen:1[m[K,
[2.244s]                  from [01m[K/home/mustardking/ws_sensor_combined/src/px4_ros_com/include/px4_ros_com/frame_transforms.h:45[m[K,
[2.244s]                  from [01m[K/home/mustardking/ws_sensor_combined/src/px4_ros_com/src/lib/frame_transforms.cpp:41[m[K:
[2.244s] [01m[K/usr/include/eigen3/Eigen/src/Core/arch/NEON/PacketMath.h:[m[K In function ‘[01m[KPacket Eigen::internal::ploadu(const typename Eigen::internal::unpacket_traits<T>::type*) [with Packet = Eigen::internal::eigen_packet_wrapper<int, 2>; typename Eigen::internal::unpacket_traits<T>::type = signed char][m[K’:
[2.244s] [01m[K/usr/include/eigen3/Eigen/src/Core/arch/NEON/PacketMath.h:1716:9:[m[K [01;35m[Kwarning: [m[K‘[01m[Kvoid* memcpy(void*, const void*, size_t)[m[K’ copying an object of non-trivial type ‘[01m[KEigen::internal::Packet4c[m[K’ {aka ‘[01m[Kstruct Eigen::internal::eigen_packet_wrapper<int, 2>[m[K’} from an array of ‘[01m[Kconst int8_t[m[K’ {aka ‘[01m[Kconst signed char[m[K’} [[01;35m[K]8;;https://gcc.gnu.org/onlinedocs/gcc/Warning-Options.html#index-Wclass-memaccess-Wclass-memaccess]8;;[m[K]
[2.244s]  1716 |   [01;35m[Kmemcpy(&res, from, sizeof(Packet4c))[m[K;
[2.244s]       |   [01;35m[K~~~~~~^~~~~~~~~~~~~~~~~~~~~~~~~~~~~~[m[K
[2.244s] In file included from [01m[K/usr/include/eigen3/Eigen/Core:172[m[K,
[2.244s]                  from [01m[K/usr/include/eigen3/Eigen/Dense:1[m[K,
[2.244s]                  from [01m[K/usr/include/eigen3/Eigen/Eigen:1[m[K,
[2.244s]                  from [01m[K/home/mustardking/ws_sensor_combined/src/px4_ros_com/include/px4_ros_com/frame_transforms.h:45[m[K,
[2.244s]                  from [01m[K/home/mustardking/ws_sensor_combined/src/px4_ros_com/src/lib/frame_transforms.cpp:41[m[K:
[2.244s] [01m[K/usr/include/eigen3/Eigen/src/Core/GenericPacketMath.h:159:8:[m[K [01;36m[Knote: [m[K‘[01m[KEigen::internal::Packet4c[m[K’ {aka ‘[01m[Kstruct Eigen::internal::eigen_packet_wrapper<int, 2>[m[K’} declared here
[2.244s]   159 | struct [01;36m[Keigen_packet_wrapper[m[K
[2.244s]       |        [01;36m[K^~~~~~~~~~~~~~~~~~~~[m[K
[18.565s] [ 41%] [32m[1mLinking CXX executable debug_vect_advertiser[0m
[19.243s] [ 41%] Built target debug_vect_advertiser
[19.300s] [ 50%] [32mBuilding CXX object CMakeFiles/offboard_control.dir/src/examples/offboard/offboard_control.cpp.o[0m
[26.360s] [ 58%] [32m[1mLinking CXX shared library libframe_transforms.so[0m
[26.852s] [ 58%] Built target frame_transforms
[26.885s] [ 66%] [32mBuilding CXX object CMakeFiles/offboard_control_srv.dir/src/examples/offboard/offboard_control_srv.cpp.o[0m
[28.937s] [ 75%] [32m[1mLinking CXX executable vehicle_gps_position_listener[0m
[29.309s] [ 83%] [32m[1mLinking CXX executable sensor_combined_listener[0m
[29.577s] [ 83%] Built target vehicle_gps_position_listener
[29.607s] [ 83%] Built target ament_cmake_python_copy_px4_ros_com
[29.862s] [ 83%] Built target sensor_combined_listener
[30.032s] running egg_info
[30.033s] creating px4_ros_com.egg-info
[30.059s] writing px4_ros_com.egg-info/PKG-INFO
[30.061s] writing dependency_links to px4_ros_com.egg-info/dependency_links.txt
[30.061s] writing top-level names to px4_ros_com.egg-info/top_level.txt
[30.061s] writing manifest file 'px4_ros_com.egg-info/SOURCES.txt'
[30.114s] reading manifest file 'px4_ros_com.egg-info/SOURCES.txt'
[30.115s] writing manifest file 'px4_ros_com.egg-info/SOURCES.txt'
[30.148s] [ 83%] Built target ament_cmake_python_build_px4_ros_com_egg
[30.436s] [ 91%] [32m[1mLinking CXX executable offboard_control[0m
[30.661s] [ 91%] Built target offboard_control
[33.361s] [100%] [32m[1mLinking CXX executable offboard_control_srv[0m
[33.620s] [100%] Built target offboard_control_srv
[33.634s] Invoked command in '/home/mustardking/ws_sensor_combined/build/px4_ros_com' returned '0': AMENT_PREFIX_PATH=/home/mustardking/ws_sensor_combined/install/px4_msgs:${AMENT_PREFIX_PATH} CMAKE_PREFIX_PATH=/home/mustardking/ws_sensor_combined/install/px4_msgs:/opt/ros/humble LD_LIBRARY_PATH=/home/mustardking/ws_sensor_combined/install/px4_msgs/lib:${LD_LIBRARY_PATH} PYTHONPATH=/home/mustardking/ws_sensor_combined/install/px4_msgs/local/lib/python3.10/dist-packages:${PYTHONPATH} /usr/bin/cmake --build /home/mustardking/ws_sensor_combined/build/px4_ros_com -- -j4 -l4
[33.638s] Invoking command in '/home/mustardking/ws_sensor_combined/build/px4_ros_com': AMENT_PREFIX_PATH=/home/mustardking/ws_sensor_combined/install/px4_msgs:${AMENT_PREFIX_PATH} CMAKE_PREFIX_PATH=/home/mustardking/ws_sensor_combined/install/px4_msgs:/opt/ros/humble LD_LIBRARY_PATH=/home/mustardking/ws_sensor_combined/install/px4_msgs/lib:${LD_LIBRARY_PATH} PYTHONPATH=/home/mustardking/ws_sensor_combined/install/px4_msgs/local/lib/python3.10/dist-packages:${PYTHONPATH} /usr/bin/cmake --install /home/mustardking/ws_sensor_combined/build/px4_ros_com
[33.643s] -- Install configuration: ""
[33.643s] -- Installing: /home/mustardking/ws_sensor_combined/install/px4_ros_com/lib/px4_ros_com/sensor_combined_listener
[33.649s] -- Set runtime path of "/home/mustardking/ws_sensor_combined/install/px4_ros_com/lib/px4_ros_com/sensor_combined_listener" to ""
[33.649s] -- Installing: /home/mustardking/ws_sensor_combined/install/px4_ros_com/lib/px4_ros_com/vehicle_gps_position_listener
[33.662s] -- Set runtime path of "/home/mustardking/ws_sensor_combined/install/px4_ros_com/lib/px4_ros_com/vehicle_gps_position_listener" to ""
[33.662s] -- Installing: /home/mustardking/ws_sensor_combined/install/px4_ros_com/lib/px4_ros_com/debug_vect_advertiser
[33.663s] -- Set runtime path of "/home/mustardking/ws_sensor_combined/install/px4_ros_com/lib/px4_ros_com/debug_vect_advertiser" to ""
[33.663s] -- Installing: /home/mustardking/ws_sensor_combined/install/px4_ros_com/lib/px4_ros_com/offboard_control
[33.665s] -- Set runtime path of "/home/mustardking/ws_sensor_combined/install/px4_ros_com/lib/px4_ros_com/offboard_control" to ""
[33.665s] -- Installing: /home/mustardking/ws_sensor_combined/install/px4_ros_com/lib/px4_ros_com/offboard_control_srv
[33.666s] -- Set runtime path of "/home/mustardking/ws_sensor_combined/install/px4_ros_com/lib/px4_ros_com/offboard_control_srv" to ""
[33.667s] -- Installing: /home/mustardking/ws_sensor_combined/install/px4_ros_com/share/px4_ros_com/environment/library_path.sh
[33.667s] -- Installing: /home/mustardking/ws_sensor_combined/install/px4_ros_com/share/px4_ros_com/environment/library_path.dsv
[33.668s] -- Installing: /home/mustardking/ws_sensor_combined/install/px4_ros_com/include/px4_ros_com
[33.668s] -- Installing: /home/mustardking/ws_sensor_combined/install/px4_ros_com/include/px4_ros_com/frame_transforms.h
[33.669s] -- Installing: /home/mustardking/ws_sensor_combined/install/px4_ros_com/lib/libframe_transforms.so
[33.675s] -- Set runtime path of "/home/mustardking/ws_sensor_combined/install/px4_ros_com/lib/libframe_transforms.so" to ""
[33.675s] -- Installing: /home/mustardking/ws_sensor_combined/install/px4_ros_com/share/px4_ros_com//launch
[33.675s] -- Installing: /home/mustardking/ws_sensor_combined/install/px4_ros_com/share/px4_ros_com//launch/offboard_control_launch.yaml
[33.675s] -- Installing: /home/mustardking/ws_sensor_combined/install/px4_ros_com/share/px4_ros_com//launch/sensor_combined_listener.launch.py
[33.676s] -- Installing: /home/mustardking/ws_sensor_combined/install/px4_ros_com/share/px4_ros_com//test
[33.676s] -- Installing: /home/mustardking/ws_sensor_combined/install/px4_ros_com/share/px4_ros_com//test/test_output.py
[33.676s] -- Installing: /home/mustardking/ws_sensor_combined/install/px4_ros_com/share/px4_ros_com//test/__init__.py
[33.676s] -- Installing: /home/mustardking/ws_sensor_combined/install/px4_ros_com/share/px4_ros_com//test/pipeline_io_test.py
[33.677s] -- Installing: /home/mustardking/ws_sensor_combined/install/px4_ros_com/share/px4_ros_com//test/test_input.py
[33.677s] -- Installing: /home/mustardking/ws_sensor_combined/install/px4_ros_com/share/px4_ros_com/environment/pythonpath.sh
[33.677s] -- Installing: /home/mustardking/ws_sensor_combined/install/px4_ros_com/share/px4_ros_com/environment/pythonpath.dsv
[33.678s] -- Installing: /home/mustardking/ws_sensor_combined/install/px4_ros_com/local/lib/python3.10/dist-packages/px4_ros_com-0.1.0-py3.10.egg-info
[33.678s] -- Installing: /home/mustardking/ws_sensor_combined/install/px4_ros_com/local/lib/python3.10/dist-packages/px4_ros_com-0.1.0-py3.10.egg-info/SOURCES.txt
[33.678s] -- Installing: /home/mustardking/ws_sensor_combined/install/px4_ros_com/local/lib/python3.10/dist-packages/px4_ros_com-0.1.0-py3.10.egg-info/PKG-INFO
[33.678s] -- Installing: /home/mustardking/ws_sensor_combined/install/px4_ros_com/local/lib/python3.10/dist-packages/px4_ros_com-0.1.0-py3.10.egg-info/dependency_links.txt
[33.678s] -- Installing: /home/mustardking/ws_sensor_combined/install/px4_ros_com/local/lib/python3.10/dist-packages/px4_ros_com-0.1.0-py3.10.egg-info/top_level.txt
[33.678s] -- Installing: /home/mustardking/ws_sensor_combined/install/px4_ros_com/local/lib/python3.10/dist-packages/px4_ros_com
[33.679s] -- Installing: /home/mustardking/ws_sensor_combined/install/px4_ros_com/local/lib/python3.10/dist-packages/px4_ros_com/module_to_import.py
[33.679s] -- Installing: /home/mustardking/ws_sensor_combined/install/px4_ros_com/local/lib/python3.10/dist-packages/px4_ros_com/__init__.py
[33.711s] Listing '/home/mustardking/ws_sensor_combined/install/px4_ros_com/local/lib/python3.10/dist-packages/px4_ros_com'...
[33.711s] Compiling '/home/mustardking/ws_sensor_combined/install/px4_ros_com/local/lib/python3.10/dist-packages/px4_ros_com/__init__.py'...
[33.711s] Compiling '/home/mustardking/ws_sensor_combined/install/px4_ros_com/local/lib/python3.10/dist-packages/px4_ros_com/module_to_import.py'...
[33.716s] -- Installing: /home/mustardking/ws_sensor_combined/install/px4_ros_com/lib/px4_ros_com/offboard_control.py
[33.717s] -- Installing: /home/mustardking/ws_sensor_combined/install/px4_ros_com/share/ament_index/resource_index/package_run_dependencies/px4_ros_com
[33.717s] -- Installing: /home/mustardking/ws_sensor_combined/install/px4_ros_com/share/ament_index/resource_index/parent_prefix_path/px4_ros_com
[33.717s] -- Installing: /home/mustardking/ws_sensor_combined/install/px4_ros_com/share/px4_ros_com/environment/ament_prefix_path.sh
[33.718s] -- Installing: /home/mustardking/ws_sensor_combined/install/px4_ros_com/share/px4_ros_com/environment/ament_prefix_path.dsv
[33.718s] -- Installing: /home/mustardking/ws_sensor_combined/install/px4_ros_com/share/px4_ros_com/environment/path.sh
[33.719s] -- Installing: /home/mustardking/ws_sensor_combined/install/px4_ros_com/share/px4_ros_com/environment/path.dsv
[33.719s] -- Installing: /home/mustardking/ws_sensor_combined/install/px4_ros_com/share/px4_ros_com/local_setup.bash
[33.719s] -- Installing: /home/mustardking/ws_sensor_combined/install/px4_ros_com/share/px4_ros_com/local_setup.sh
[33.720s] -- Installing: /home/mustardking/ws_sensor_combined/install/px4_ros_com/share/px4_ros_com/local_setup.zsh
[33.720s] -- Installing: /home/mustardking/ws_sensor_combined/install/px4_ros_com/share/px4_ros_com/local_setup.dsv
[33.720s] -- Installing: /home/mustardking/ws_sensor_combined/install/px4_ros_com/share/px4_ros_com/package.dsv
[33.720s] -- Installing: /home/mustardking/ws_sensor_combined/install/px4_ros_com/share/ament_index/resource_index/packages/px4_ros_com
[33.720s] -- Installing: /home/mustardking/ws_sensor_combined/install/px4_ros_com/share/px4_ros_com/cmake/export_frame_transformsExport.cmake
[33.721s] -- Installing: /home/mustardking/ws_sensor_combined/install/px4_ros_com/share/px4_ros_com/cmake/export_frame_transformsExport-noconfig.cmake
[33.721s] -- Installing: /home/mustardking/ws_sensor_combined/install/px4_ros_com/share/px4_ros_com/cmake/ament_cmake_export_dependencies-extras.cmake
[33.721s] -- Installing: /home/mustardking/ws_sensor_combined/install/px4_ros_com/share/px4_ros_com/cmake/ament_cmake_export_targets-extras.cmake
[33.721s] -- Installing: /home/mustardking/ws_sensor_combined/install/px4_ros_com/share/px4_ros_com/cmake/ament_cmake_export_include_directories-extras.cmake
[33.722s] -- Installing: /home/mustardking/ws_sensor_combined/install/px4_ros_com/share/px4_ros_com/cmake/ament_cmake_export_libraries-extras.cmake
[33.722s] -- Installing: /home/mustardking/ws_sensor_combined/install/px4_ros_com/share/px4_ros_com/cmake/px4_ros_comConfig.cmake
[33.722s] -- Installing: /home/mustardking/ws_sensor_combined/install/px4_ros_com/share/px4_ros_com/cmake/px4_ros_comConfig-version.cmake
[33.723s] -- Installing: /home/mustardking/ws_sensor_combined/install/px4_ros_com/share/px4_ros_com/package.xml
[33.726s] Invoked command in '/home/mustardking/ws_sensor_combined/build/px4_ros_com' returned '0': AMENT_PREFIX_PATH=/home/mustardking/ws_sensor_combined/install/px4_msgs:${AMENT_PREFIX_PATH} CMAKE_PREFIX_PATH=/home/mustardking/ws_sensor_combined/install/px4_msgs:/opt/ros/humble LD_LIBRARY_PATH=/home/mustardking/ws_sensor_combined/install/px4_msgs/lib:${LD_LIBRARY_PATH} PYTHONPATH=/home/mustardking/ws_sensor_combined/install/px4_msgs/local/lib/python3.10/dist-packages:${PYTHONPATH} /usr/bin/cmake --install /home/mustardking/ws_sensor_combined/build/px4_ros_com
