[0.072s] DEBUG:colcon:Command line arguments: ['/usr/bin/colcon', 'build']
[0.072s] DEBUG:colcon:Parsed command line arguments: Namespace(log_base=None, log_level=None, verb_name='build', build_base='build', install_base='install', merge_install=False, symlink_install=False, test_result_base=None, continue_on_error=False, executor='parallel', parallel_workers=4, event_handlers=None, ignore_user_meta=False, metas=['./colcon.meta'], base_paths=['.'], packages_ignore=None, packages_ignore_regex=None, paths=None, packages_up_to=None, packages_up_to_regex=None, packages_above=None, packages_above_and_dependencies=None, packages_above_depth=None, packages_select_by_dep=None, packages_skip_by_dep=None, packages_skip_up_to=None, packages_select_build_failed=False, packages_skip_build_finished=False, packages_select_test_failures=False, packages_skip_test_passed=False, packages_select=None, packages_skip=None, packages_select_regex=None, packages_skip_regex=None, packages_start=None, packages_end=None, allow_overriding=[], cmake_args=None, cmake_target=None, cmake_target_skip_unavailable=False, cmake_clean_cache=False, cmake_clean_first=False, cmake_force_configure=False, ament_cmake_args=None, catkin_cmake_args=None, catkin_skip_building_tests=False, mixin_files=None, mixin=None, verb_parser=<colcon_mixin.mixin.mixin_argument.MixinArgumentDecorator object at 0xffffb6aab400>, verb_extension=<colcon_core.verb.build.BuildVerb object at 0xffffb6aab0d0>, main=<bound method BuildVerb.main of <colcon_core.verb.build.BuildVerb object at 0xffffb6aab0d0>>, mixin_verb=('build',))
[0.098s] Level 1:colcon.colcon_core.package_discovery:discover_packages(colcon_meta) check parameters
[0.098s] Level 1:colcon.colcon_core.package_discovery:discover_packages(recursive) check parameters
[0.098s] Level 1:colcon.colcon_core.package_discovery:discover_packages(ignore) check parameters
[0.098s] Level 1:colcon.colcon_core.package_discovery:discover_packages(path) check parameters
[0.098s] Level 1:colcon.colcon_core.package_discovery:discover_packages(colcon_meta) discover
[0.098s] Level 1:colcon.colcon_core.package_discovery:discover_packages(recursive) discover
[0.098s] INFO:colcon.colcon_core.package_discovery:Crawling recursively for packages in '/home/mustardking/ws_sensor_combined'
[0.098s] Level 1:colcon.colcon_core.package_identification:_identify(.) by extensions ['ignore', 'ignore_ament_install']
[0.098s] Level 1:colcon.colcon_core.package_identification:_identify(.) by extension 'ignore'
[0.098s] Level 1:colcon.colcon_core.package_identification:_identify(.) by extension 'ignore_ament_install'
[0.098s] Level 1:colcon.colcon_core.package_identification:_identify(.) by extensions ['colcon_pkg']
[0.098s] Level 1:colcon.colcon_core.package_identification:_identify(.) by extension 'colcon_pkg'
[0.098s] Level 1:colcon.colcon_core.package_identification:_identify(.) by extensions ['colcon_meta']
[0.098s] Level 1:colcon.colcon_core.package_identification:_identify(.) by extension 'colcon_meta'
[0.098s] Level 1:colcon.colcon_core.package_identification:_identify(.) by extensions ['ros']
[0.098s] Level 1:colcon.colcon_core.package_identification:_identify(.) by extension 'ros'
[0.114s] Level 1:colcon.colcon_core.package_identification:_identify(.) by extensions ['cmake', 'python']
[0.114s] Level 1:colcon.colcon_core.package_identification:_identify(.) by extension 'cmake'
[0.114s] Level 1:colcon.colcon_core.package_identification:_identify(.) by extension 'python'
[0.114s] Level 1:colcon.colcon_core.package_identification:_identify(.) by extensions ['python_setup_py']
[0.114s] Level 1:colcon.colcon_core.package_identification:_identify(.) by extension 'python_setup_py'
[0.115s] Level 1:colcon.colcon_core.package_identification:_identify(build) by extensions ['ignore', 'ignore_ament_install']
[0.115s] Level 1:colcon.colcon_core.package_identification:_identify(build) by extension 'ignore'
[0.115s] Level 1:colcon.colcon_core.package_identification:_identify(build) ignored
[0.115s] Level 1:colcon.colcon_core.package_identification:_identify(install) by extensions ['ignore', 'ignore_ament_install']
[0.115s] Level 1:colcon.colcon_core.package_identification:_identify(install) by extension 'ignore'
[0.115s] Level 1:colcon.colcon_core.package_identification:_identify(install) ignored
[0.115s] Level 1:colcon.colcon_core.package_identification:_identify(log) by extensions ['ignore', 'ignore_ament_install']
[0.115s] Level 1:colcon.colcon_core.package_identification:_identify(log) by extension 'ignore'
[0.115s] Level 1:colcon.colcon_core.package_identification:_identify(log) ignored
[0.115s] Level 1:colcon.colcon_core.package_identification:_identify(src) by extensions ['ignore', 'ignore_ament_install']
[0.115s] Level 1:colcon.colcon_core.package_identification:_identify(src) by extension 'ignore'
[0.115s] Level 1:colcon.colcon_core.package_identification:_identify(src) by extension 'ignore_ament_install'
[0.115s] Level 1:colcon.colcon_core.package_identification:_identify(src) by extensions ['colcon_pkg']
[0.115s] Level 1:colcon.colcon_core.package_identification:_identify(src) by extension 'colcon_pkg'
[0.115s] Level 1:colcon.colcon_core.package_identification:_identify(src) by extensions ['colcon_meta']
[0.115s] Level 1:colcon.colcon_core.package_identification:_identify(src) by extension 'colcon_meta'
[0.115s] Level 1:colcon.colcon_core.package_identification:_identify(src) by extensions ['ros']
[0.115s] Level 1:colcon.colcon_core.package_identification:_identify(src) by extension 'ros'
[0.115s] Level 1:colcon.colcon_core.package_identification:_identify(src) by extensions ['cmake', 'python']
[0.115s] Level 1:colcon.colcon_core.package_identification:_identify(src) by extension 'cmake'
[0.115s] Level 1:colcon.colcon_core.package_identification:_identify(src) by extension 'python'
[0.115s] Level 1:colcon.colcon_core.package_identification:_identify(src) by extensions ['python_setup_py']
[0.115s] Level 1:colcon.colcon_core.package_identification:_identify(src) by extension 'python_setup_py'
[0.115s] Level 1:colcon.colcon_core.package_identification:_identify(src/px4_msgs) by extensions ['ignore', 'ignore_ament_install']
[0.115s] Level 1:colcon.colcon_core.package_identification:_identify(src/px4_msgs) by extension 'ignore'
[0.115s] Level 1:colcon.colcon_core.package_identification:_identify(src/px4_msgs) by extension 'ignore_ament_install'
[0.115s] Level 1:colcon.colcon_core.package_identification:_identify(src/px4_msgs) by extensions ['colcon_pkg']
[0.115s] Level 1:colcon.colcon_core.package_identification:_identify(src/px4_msgs) by extension 'colcon_pkg'
[0.115s] Level 1:colcon.colcon_core.package_identification:_identify(src/px4_msgs) by extensions ['colcon_meta']
[0.116s] Level 1:colcon.colcon_core.package_identification:_identify(src/px4_msgs) by extension 'colcon_meta'
[0.116s] Level 1:colcon.colcon_core.package_identification:_identify(src/px4_msgs) by extensions ['ros']
[0.116s] Level 1:colcon.colcon_core.package_identification:_identify(src/px4_msgs) by extension 'ros'
[0.117s] DEBUG:colcon.colcon_core.package_identification:Package 'src/px4_msgs' with type 'ros.ament_cmake' and name 'px4_msgs'
[0.117s] Level 1:colcon.colcon_core.package_identification:_identify(src/px4_ros_com) by extensions ['ignore', 'ignore_ament_install']
[0.117s] Level 1:colcon.colcon_core.package_identification:_identify(src/px4_ros_com) by extension 'ignore'
[0.117s] Level 1:colcon.colcon_core.package_identification:_identify(src/px4_ros_com) by extension 'ignore_ament_install'
[0.117s] Level 1:colcon.colcon_core.package_identification:_identify(src/px4_ros_com) by extensions ['colcon_pkg']
[0.117s] Level 1:colcon.colcon_core.package_identification:_identify(src/px4_ros_com) by extension 'colcon_pkg'
[0.117s] Level 1:colcon.colcon_core.package_identification:_identify(src/px4_ros_com) by extensions ['colcon_meta']
[0.117s] Level 1:colcon.colcon_core.package_identification:_identify(src/px4_ros_com) by extension 'colcon_meta'
[0.117s] Level 1:colcon.colcon_core.package_identification:_identify(src/px4_ros_com) by extensions ['ros']
[0.117s] Level 1:colcon.colcon_core.package_identification:_identify(src/px4_ros_com) by extension 'ros'
[0.118s] DEBUG:colcon.colcon_core.package_identification:Package 'src/px4_ros_com' with type 'ros.ament_cmake' and name 'px4_ros_com'
[0.118s] Level 1:colcon.colcon_core.package_discovery:discover_packages(recursive) using defaults
[0.118s] Level 1:colcon.colcon_core.package_discovery:discover_packages(ignore) discover
[0.118s] Level 1:colcon.colcon_core.package_discovery:discover_packages(ignore) using defaults
[0.118s] Level 1:colcon.colcon_core.package_discovery:discover_packages(path) discover
[0.118s] Level 1:colcon.colcon_core.package_discovery:discover_packages(path) using defaults
[0.128s] Level 1:colcon.colcon_core.package_discovery:discover_packages(prefix_path) check parameters
[0.128s] Level 1:colcon.colcon_core.package_discovery:discover_packages(prefix_path) discover
[0.130s] DEBUG:colcon.colcon_installed_package_information.package_discovery:Found 271 installed packages in /opt/ros/humble
[0.132s] Level 1:colcon.colcon_core.package_discovery:discover_packages(prefix_path) using defaults
[0.168s] Level 5:colcon.colcon_core.verb:set package 'px4_msgs' build argument 'cmake_args' from command line to 'None'
[0.168s] Level 5:colcon.colcon_core.verb:set package 'px4_msgs' build argument 'cmake_target' from command line to 'None'
[0.168s] Level 5:colcon.colcon_core.verb:set package 'px4_msgs' build argument 'cmake_target_skip_unavailable' from command line to 'False'
[0.168s] Level 5:colcon.colcon_core.verb:set package 'px4_msgs' build argument 'cmake_clean_cache' from command line to 'False'
[0.169s] Level 5:colcon.colcon_core.verb:set package 'px4_msgs' build argument 'cmake_clean_first' from command line to 'False'
[0.169s] Level 5:colcon.colcon_core.verb:set package 'px4_msgs' build argument 'cmake_force_configure' from command line to 'False'
[0.169s] Level 5:colcon.colcon_core.verb:set package 'px4_msgs' build argument 'ament_cmake_args' from command line to 'None'
[0.169s] Level 5:colcon.colcon_core.verb:set package 'px4_msgs' build argument 'catkin_cmake_args' from command line to 'None'
[0.169s] Level 5:colcon.colcon_core.verb:set package 'px4_msgs' build argument 'catkin_skip_building_tests' from command line to 'False'
[0.169s] DEBUG:colcon.colcon_core.verb:Building package 'px4_msgs' with the following arguments: {'ament_cmake_args': None, 'build_base': '/home/mustardking/ws_sensor_combined/build/px4_msgs', 'catkin_cmake_args': None, 'catkin_skip_building_tests': False, 'cmake_args': None, 'cmake_clean_cache': False, 'cmake_clean_first': False, 'cmake_force_configure': False, 'cmake_target': None, 'cmake_target_skip_unavailable': False, 'install_base': '/home/mustardking/ws_sensor_combined/install/px4_msgs', 'merge_install': False, 'path': '/home/mustardking/ws_sensor_combined/src/px4_msgs', 'symlink_install': False, 'test_result_base': None}
[0.169s] Level 5:colcon.colcon_core.verb:set package 'px4_ros_com' build argument 'cmake_args' from command line to 'None'
[0.169s] Level 5:colcon.colcon_core.verb:set package 'px4_ros_com' build argument 'cmake_target' from command line to 'None'
[0.169s] Level 5:colcon.colcon_core.verb:set package 'px4_ros_com' build argument 'cmake_target_skip_unavailable' from command line to 'False'
[0.169s] Level 5:colcon.colcon_core.verb:set package 'px4_ros_com' build argument 'cmake_clean_cache' from command line to 'False'
[0.169s] Level 5:colcon.colcon_core.verb:set package 'px4_ros_com' build argument 'cmake_clean_first' from command line to 'False'
[0.169s] Level 5:colcon.colcon_core.verb:set package 'px4_ros_com' build argument 'cmake_force_configure' from command line to 'False'
[0.169s] Level 5:colcon.colcon_core.verb:set package 'px4_ros_com' build argument 'ament_cmake_args' from command line to 'None'
[0.169s] Level 5:colcon.colcon_core.verb:set package 'px4_ros_com' build argument 'catkin_cmake_args' from command line to 'None'
[0.169s] Level 5:colcon.colcon_core.verb:set package 'px4_ros_com' build argument 'catkin_skip_building_tests' from command line to 'False'
[0.169s] DEBUG:colcon.colcon_core.verb:Building package 'px4_ros_com' with the following arguments: {'ament_cmake_args': None, 'build_base': '/home/mustardking/ws_sensor_combined/build/px4_ros_com', 'catkin_cmake_args': None, 'catkin_skip_building_tests': False, 'cmake_args': None, 'cmake_clean_cache': False, 'cmake_clean_first': False, 'cmake_force_configure': False, 'cmake_target': None, 'cmake_target_skip_unavailable': False, 'install_base': '/home/mustardking/ws_sensor_combined/install/px4_ros_com', 'merge_install': False, 'path': '/home/mustardking/ws_sensor_combined/src/px4_ros_com', 'symlink_install': False, 'test_result_base': None}
[0.170s] INFO:colcon.colcon_core.executor:Executing jobs using 'parallel' executor
[0.171s] DEBUG:colcon.colcon_parallel_executor.executor.parallel:run_until_complete
[0.171s] INFO:colcon.colcon_ros.task.ament_cmake.build:Building ROS package in '/home/mustardking/ws_sensor_combined/src/px4_msgs' with build type 'ament_cmake'
[0.172s] INFO:colcon.colcon_cmake.task.cmake.build:Building CMake package in '/home/mustardking/ws_sensor_combined/src/px4_msgs'
[0.176s] INFO:colcon.colcon_core.plugin_system:Skipping extension 'colcon_core.shell.bat': Not used on non-Windows systems
[0.177s] INFO:colcon.colcon_core.shell:Skip shell extension 'powershell' for command environment: Not usable outside of PowerShell
[0.177s] DEBUG:colcon.colcon_core.shell:Skip shell extension 'dsv' for command environment
[0.190s] DEBUG:colcon.colcon_core.event_handler.log_command:Invoking command in '/home/mustardking/ws_sensor_combined/build/px4_msgs': CMAKE_PREFIX_PATH=/opt/ros/humble /usr/bin/cmake --build /home/mustardking/ws_sensor_combined/build/px4_msgs -- -j4 -l4
[1.688s] DEBUG:colcon.colcon_core.event_handler.log_command:Invoked command in '/home/mustardking/ws_sensor_combined/build/px4_msgs' returned '0': CMAKE_PREFIX_PATH=/opt/ros/humble /usr/bin/cmake --build /home/mustardking/ws_sensor_combined/build/px4_msgs -- -j4 -l4
[1.701s] DEBUG:colcon.colcon_core.event_handler.log_command:Invoking command in '/home/mustardking/ws_sensor_combined/build/px4_msgs': CMAKE_PREFIX_PATH=/opt/ros/humble /usr/bin/cmake --install /home/mustardking/ws_sensor_combined/build/px4_msgs
[2.158s] Level 1:colcon.colcon_core.environment:create_environment_scripts_only(px4_msgs)
[2.162s] DEBUG:colcon.colcon_core.event_handler.log_command:Invoked command in '/home/mustardking/ws_sensor_combined/build/px4_msgs' returned '0': CMAKE_PREFIX_PATH=/opt/ros/humble /usr/bin/cmake --install /home/mustardking/ws_sensor_combined/build/px4_msgs
[2.173s] Level 1:colcon.colcon_core.environment:checking '/home/mustardking/ws_sensor_combined/install/px4_msgs' for CMake module files
[2.173s] Level 1:colcon.colcon_core.environment:checking '/home/mustardking/ws_sensor_combined/install/px4_msgs' for CMake config files
[2.175s] Level 1:colcon.colcon_core.shell:create_environment_hook('px4_msgs', 'cmake_prefix_path')
[2.175s] INFO:colcon.colcon_core.shell:Creating environment hook '/home/mustardking/ws_sensor_combined/install/px4_msgs/share/px4_msgs/hook/cmake_prefix_path.ps1'
[2.177s] INFO:colcon.colcon_core.shell:Creating environment descriptor '/home/mustardking/ws_sensor_combined/install/px4_msgs/share/px4_msgs/hook/cmake_prefix_path.dsv'
[2.177s] INFO:colcon.colcon_core.shell:Creating environment hook '/home/mustardking/ws_sensor_combined/install/px4_msgs/share/px4_msgs/hook/cmake_prefix_path.sh'
[2.178s] Level 1:colcon.colcon_core.environment:checking '/home/mustardking/ws_sensor_combined/install/px4_msgs/lib'
[2.178s] Level 1:colcon.colcon_core.shell:create_environment_hook('px4_msgs', 'ld_library_path_lib')
[2.178s] INFO:colcon.colcon_core.shell:Creating environment hook '/home/mustardking/ws_sensor_combined/install/px4_msgs/share/px4_msgs/hook/ld_library_path_lib.ps1'
[2.178s] INFO:colcon.colcon_core.shell:Creating environment descriptor '/home/mustardking/ws_sensor_combined/install/px4_msgs/share/px4_msgs/hook/ld_library_path_lib.dsv'
[2.178s] INFO:colcon.colcon_core.shell:Creating environment hook '/home/mustardking/ws_sensor_combined/install/px4_msgs/share/px4_msgs/hook/ld_library_path_lib.sh'
[2.178s] Level 1:colcon.colcon_core.environment:checking '/home/mustardking/ws_sensor_combined/install/px4_msgs/bin'
[2.179s] Level 1:colcon.colcon_core.environment:checking '/home/mustardking/ws_sensor_combined/install/px4_msgs/lib/pkgconfig/px4_msgs.pc'
[2.179s] Level 1:colcon.colcon_core.environment:checking '/home/mustardking/ws_sensor_combined/install/px4_msgs/lib/python3.10/site-packages'
[2.179s] Level 1:colcon.colcon_core.environment:checking '/home/mustardking/ws_sensor_combined/install/px4_msgs/bin'
[2.179s] INFO:colcon.colcon_core.shell:Creating package script '/home/mustardking/ws_sensor_combined/install/px4_msgs/share/px4_msgs/package.ps1'
[2.180s] INFO:colcon.colcon_core.shell:Creating package descriptor '/home/mustardking/ws_sensor_combined/install/px4_msgs/share/px4_msgs/package.dsv'
[2.180s] INFO:colcon.colcon_core.shell:Creating package script '/home/mustardking/ws_sensor_combined/install/px4_msgs/share/px4_msgs/package.sh'
[2.181s] INFO:colcon.colcon_core.shell:Creating package script '/home/mustardking/ws_sensor_combined/install/px4_msgs/share/px4_msgs/package.bash'
[2.181s] INFO:colcon.colcon_core.shell:Creating package script '/home/mustardking/ws_sensor_combined/install/px4_msgs/share/px4_msgs/package.zsh'
[2.182s] Level 1:colcon.colcon_core.environment:create_file_with_runtime_dependencies(/home/mustardking/ws_sensor_combined/install/px4_msgs/share/colcon-core/packages/px4_msgs)
[2.182s] Level 1:colcon.colcon_core.environment:create_environment_scripts_only(px4_msgs)
[2.182s] Level 1:colcon.colcon_core.environment:checking '/home/mustardking/ws_sensor_combined/install/px4_msgs' for CMake module files
[2.182s] Level 1:colcon.colcon_core.environment:checking '/home/mustardking/ws_sensor_combined/install/px4_msgs' for CMake config files
[2.182s] Level 1:colcon.colcon_core.shell:create_environment_hook('px4_msgs', 'cmake_prefix_path')
[2.182s] INFO:colcon.colcon_core.shell:Creating environment hook '/home/mustardking/ws_sensor_combined/install/px4_msgs/share/px4_msgs/hook/cmake_prefix_path.ps1'
[2.183s] INFO:colcon.colcon_core.shell:Creating environment descriptor '/home/mustardking/ws_sensor_combined/install/px4_msgs/share/px4_msgs/hook/cmake_prefix_path.dsv'
[2.183s] INFO:colcon.colcon_core.shell:Creating environment hook '/home/mustardking/ws_sensor_combined/install/px4_msgs/share/px4_msgs/hook/cmake_prefix_path.sh'
[2.183s] Level 1:colcon.colcon_core.environment:checking '/home/mustardking/ws_sensor_combined/install/px4_msgs/lib'
[2.183s] Level 1:colcon.colcon_core.shell:create_environment_hook('px4_msgs', 'ld_library_path_lib')
[2.183s] INFO:colcon.colcon_core.shell:Creating environment hook '/home/mustardking/ws_sensor_combined/install/px4_msgs/share/px4_msgs/hook/ld_library_path_lib.ps1'
[2.183s] INFO:colcon.colcon_core.shell:Creating environment descriptor '/home/mustardking/ws_sensor_combined/install/px4_msgs/share/px4_msgs/hook/ld_library_path_lib.dsv'
[2.183s] INFO:colcon.colcon_core.shell:Creating environment hook '/home/mustardking/ws_sensor_combined/install/px4_msgs/share/px4_msgs/hook/ld_library_path_lib.sh'
[2.184s] Level 1:colcon.colcon_core.environment:checking '/home/mustardking/ws_sensor_combined/install/px4_msgs/bin'
[2.184s] Level 1:colcon.colcon_core.environment:checking '/home/mustardking/ws_sensor_combined/install/px4_msgs/lib/pkgconfig/px4_msgs.pc'
[2.184s] Level 1:colcon.colcon_core.environment:checking '/home/mustardking/ws_sensor_combined/install/px4_msgs/lib/python3.10/site-packages'
[2.184s] Level 1:colcon.colcon_core.environment:checking '/home/mustardking/ws_sensor_combined/install/px4_msgs/bin'
[2.184s] INFO:colcon.colcon_core.shell:Creating package script '/home/mustardking/ws_sensor_combined/install/px4_msgs/share/px4_msgs/package.ps1'
[2.185s] INFO:colcon.colcon_core.shell:Creating package descriptor '/home/mustardking/ws_sensor_combined/install/px4_msgs/share/px4_msgs/package.dsv'
[2.185s] INFO:colcon.colcon_core.shell:Creating package script '/home/mustardking/ws_sensor_combined/install/px4_msgs/share/px4_msgs/package.sh'
[2.185s] INFO:colcon.colcon_core.shell:Creating package script '/home/mustardking/ws_sensor_combined/install/px4_msgs/share/px4_msgs/package.bash'
[2.185s] INFO:colcon.colcon_core.shell:Creating package script '/home/mustardking/ws_sensor_combined/install/px4_msgs/share/px4_msgs/package.zsh'
[2.185s] Level 1:colcon.colcon_core.environment:create_file_with_runtime_dependencies(/home/mustardking/ws_sensor_combined/install/px4_msgs/share/colcon-core/packages/px4_msgs)
[2.186s] INFO:colcon.colcon_ros.task.ament_cmake.build:Building ROS package in '/home/mustardking/ws_sensor_combined/src/px4_ros_com' with build type 'ament_cmake'
[2.186s] INFO:colcon.colcon_cmake.task.cmake.build:Building CMake package in '/home/mustardking/ws_sensor_combined/src/px4_ros_com'
[2.186s] INFO:colcon.colcon_core.shell:Skip shell extension 'powershell' for command environment: Not usable outside of PowerShell
[2.186s] DEBUG:colcon.colcon_core.shell:Skip shell extension 'dsv' for command environment
[2.194s] DEBUG:colcon.colcon_core.event_handler.log_command:Invoking command in '/home/mustardking/ws_sensor_combined/build/px4_ros_com': AMENT_PREFIX_PATH=/home/mustardking/ws_sensor_combined/install/px4_msgs:${AMENT_PREFIX_PATH} CMAKE_PREFIX_PATH=/home/mustardking/ws_sensor_combined/install/px4_msgs:/opt/ros/humble LD_LIBRARY_PATH=/home/mustardking/ws_sensor_combined/install/px4_msgs/lib:${LD_LIBRARY_PATH} PYTHONPATH=/home/mustardking/ws_sensor_combined/install/px4_msgs/local/lib/python3.10/dist-packages:${PYTHONPATH} /usr/bin/cmake --build /home/mustardking/ws_sensor_combined/build/px4_ros_com -- -j4 -l4
[2.523s] DEBUG:colcon.colcon_core.event_handler.log_command:Invoked command in '/home/mustardking/ws_sensor_combined/build/px4_ros_com' returned '0': AMENT_PREFIX_PATH=/home/mustardking/ws_sensor_combined/install/px4_msgs:${AMENT_PREFIX_PATH} CMAKE_PREFIX_PATH=/home/mustardking/ws_sensor_combined/install/px4_msgs:/opt/ros/humble LD_LIBRARY_PATH=/home/mustardking/ws_sensor_combined/install/px4_msgs/lib:${LD_LIBRARY_PATH} PYTHONPATH=/home/mustardking/ws_sensor_combined/install/px4_msgs/local/lib/python3.10/dist-packages:${PYTHONPATH} /usr/bin/cmake --build /home/mustardking/ws_sensor_combined/build/px4_ros_com -- -j4 -l4
[2.523s] DEBUG:colcon.colcon_core.event_handler.log_command:Invoking command in '/home/mustardking/ws_sensor_combined/build/px4_ros_com': AMENT_PREFIX_PATH=/home/mustardking/ws_sensor_combined/install/px4_msgs:${AMENT_PREFIX_PATH} CMAKE_PREFIX_PATH=/home/mustardking/ws_sensor_combined/install/px4_msgs:/opt/ros/humble LD_LIBRARY_PATH=/home/mustardking/ws_sensor_combined/install/px4_msgs/lib:${LD_LIBRARY_PATH} PYTHONPATH=/home/mustardking/ws_sensor_combined/install/px4_msgs/local/lib/python3.10/dist-packages:${PYTHONPATH} /usr/bin/cmake --install /home/mustardking/ws_sensor_combined/build/px4_ros_com
[2.576s] Level 1:colcon.colcon_core.environment:create_environment_scripts_only(px4_ros_com)
[2.576s] Level 1:colcon.colcon_core.environment:checking '/home/mustardking/ws_sensor_combined/install/px4_ros_com' for CMake module files
[2.576s] Level 1:colcon.colcon_core.environment:checking '/home/mustardking/ws_sensor_combined/install/px4_ros_com' for CMake config files
[2.576s] Level 1:colcon.colcon_core.shell:create_environment_hook('px4_ros_com', 'cmake_prefix_path')
[2.576s] INFO:colcon.colcon_core.shell:Creating environment hook '/home/mustardking/ws_sensor_combined/install/px4_ros_com/share/px4_ros_com/hook/cmake_prefix_path.ps1'
[2.576s] INFO:colcon.colcon_core.shell:Creating environment descriptor '/home/mustardking/ws_sensor_combined/install/px4_ros_com/share/px4_ros_com/hook/cmake_prefix_path.dsv'
[2.577s] INFO:colcon.colcon_core.shell:Creating environment hook '/home/mustardking/ws_sensor_combined/install/px4_ros_com/share/px4_ros_com/hook/cmake_prefix_path.sh'
[2.577s] Level 1:colcon.colcon_core.environment:checking '/home/mustardking/ws_sensor_combined/install/px4_ros_com/lib'
[2.577s] Level 1:colcon.colcon_core.shell:create_environment_hook('px4_ros_com', 'ld_library_path_lib')
[2.577s] INFO:colcon.colcon_core.shell:Creating environment hook '/home/mustardking/ws_sensor_combined/install/px4_ros_com/share/px4_ros_com/hook/ld_library_path_lib.ps1'
[2.577s] INFO:colcon.colcon_core.shell:Creating environment descriptor '/home/mustardking/ws_sensor_combined/install/px4_ros_com/share/px4_ros_com/hook/ld_library_path_lib.dsv'
[2.577s] INFO:colcon.colcon_core.shell:Creating environment hook '/home/mustardking/ws_sensor_combined/install/px4_ros_com/share/px4_ros_com/hook/ld_library_path_lib.sh'
[2.578s] DEBUG:colcon.colcon_core.event_handler.log_command:Invoked command in '/home/mustardking/ws_sensor_combined/build/px4_ros_com' returned '0': AMENT_PREFIX_PATH=/home/mustardking/ws_sensor_combined/install/px4_msgs:${AMENT_PREFIX_PATH} CMAKE_PREFIX_PATH=/home/mustardking/ws_sensor_combined/install/px4_msgs:/opt/ros/humble LD_LIBRARY_PATH=/home/mustardking/ws_sensor_combined/install/px4_msgs/lib:${LD_LIBRARY_PATH} PYTHONPATH=/home/mustardking/ws_sensor_combined/install/px4_msgs/local/lib/python3.10/dist-packages:${PYTHONPATH} /usr/bin/cmake --install /home/mustardking/ws_sensor_combined/build/px4_ros_com
[2.578s] Level 1:colcon.colcon_core.environment:checking '/home/mustardking/ws_sensor_combined/install/px4_ros_com/bin'
[2.578s] Level 1:colcon.colcon_core.environment:checking '/home/mustardking/ws_sensor_combined/install/px4_ros_com/lib/pkgconfig/px4_ros_com.pc'
[2.578s] Level 1:colcon.colcon_core.environment:checking '/home/mustardking/ws_sensor_combined/install/px4_ros_com/lib/python3.10/site-packages'
[2.578s] Level 1:colcon.colcon_core.environment:checking '/home/mustardking/ws_sensor_combined/install/px4_ros_com/bin'
[2.578s] INFO:colcon.colcon_core.shell:Creating package script '/home/mustardking/ws_sensor_combined/install/px4_ros_com/share/px4_ros_com/package.ps1'
[2.578s] INFO:colcon.colcon_core.shell:Creating package descriptor '/home/mustardking/ws_sensor_combined/install/px4_ros_com/share/px4_ros_com/package.dsv'
[2.579s] INFO:colcon.colcon_core.shell:Creating package script '/home/mustardking/ws_sensor_combined/install/px4_ros_com/share/px4_ros_com/package.sh'
[2.579s] INFO:colcon.colcon_core.shell:Creating package script '/home/mustardking/ws_sensor_combined/install/px4_ros_com/share/px4_ros_com/package.bash'
[2.579s] INFO:colcon.colcon_core.shell:Creating package script '/home/mustardking/ws_sensor_combined/install/px4_ros_com/share/px4_ros_com/package.zsh'
[2.579s] Level 1:colcon.colcon_core.environment:create_file_with_runtime_dependencies(/home/mustardking/ws_sensor_combined/install/px4_ros_com/share/colcon-core/packages/px4_ros_com)
[2.580s] Level 1:colcon.colcon_core.environment:create_environment_scripts_only(px4_ros_com)
[2.580s] Level 1:colcon.colcon_core.environment:checking '/home/mustardking/ws_sensor_combined/install/px4_ros_com' for CMake module files
[2.580s] Level 1:colcon.colcon_core.environment:checking '/home/mustardking/ws_sensor_combined/install/px4_ros_com' for CMake config files
[2.580s] Level 1:colcon.colcon_core.shell:create_environment_hook('px4_ros_com', 'cmake_prefix_path')
[2.580s] INFO:colcon.colcon_core.shell:Creating environment hook '/home/mustardking/ws_sensor_combined/install/px4_ros_com/share/px4_ros_com/hook/cmake_prefix_path.ps1'
[2.580s] INFO:colcon.colcon_core.shell:Creating environment descriptor '/home/mustardking/ws_sensor_combined/install/px4_ros_com/share/px4_ros_com/hook/cmake_prefix_path.dsv'
[2.581s] INFO:colcon.colcon_core.shell:Creating environment hook '/home/mustardking/ws_sensor_combined/install/px4_ros_com/share/px4_ros_com/hook/cmake_prefix_path.sh'
[2.581s] Level 1:colcon.colcon_core.environment:checking '/home/mustardking/ws_sensor_combined/install/px4_ros_com/lib'
[2.581s] Level 1:colcon.colcon_core.shell:create_environment_hook('px4_ros_com', 'ld_library_path_lib')
[2.581s] INFO:colcon.colcon_core.shell:Creating environment hook '/home/mustardking/ws_sensor_combined/install/px4_ros_com/share/px4_ros_com/hook/ld_library_path_lib.ps1'
[2.581s] INFO:colcon.colcon_core.shell:Creating environment descriptor '/home/mustardking/ws_sensor_combined/install/px4_ros_com/share/px4_ros_com/hook/ld_library_path_lib.dsv'
[2.581s] INFO:colcon.colcon_core.shell:Creating environment hook '/home/mustardking/ws_sensor_combined/install/px4_ros_com/share/px4_ros_com/hook/ld_library_path_lib.sh'
[2.582s] Level 1:colcon.colcon_core.environment:checking '/home/mustardking/ws_sensor_combined/install/px4_ros_com/bin'
[2.582s] Level 1:colcon.colcon_core.environment:checking '/home/mustardking/ws_sensor_combined/install/px4_ros_com/lib/pkgconfig/px4_ros_com.pc'
[2.582s] Level 1:colcon.colcon_core.environment:checking '/home/mustardking/ws_sensor_combined/install/px4_ros_com/lib/python3.10/site-packages'
[2.582s] Level 1:colcon.colcon_core.environment:checking '/home/mustardking/ws_sensor_combined/install/px4_ros_com/bin'
[2.582s] INFO:colcon.colcon_core.shell:Creating package script '/home/mustardking/ws_sensor_combined/install/px4_ros_com/share/px4_ros_com/package.ps1'
[2.582s] INFO:colcon.colcon_core.shell:Creating package descriptor '/home/mustardking/ws_sensor_combined/install/px4_ros_com/share/px4_ros_com/package.dsv'
[2.583s] INFO:colcon.colcon_core.shell:Creating package script '/home/mustardking/ws_sensor_combined/install/px4_ros_com/share/px4_ros_com/package.sh'
[2.583s] INFO:colcon.colcon_core.shell:Creating package script '/home/mustardking/ws_sensor_combined/install/px4_ros_com/share/px4_ros_com/package.bash'
[2.584s] INFO:colcon.colcon_core.shell:Creating package script '/home/mustardking/ws_sensor_combined/install/px4_ros_com/share/px4_ros_com/package.zsh'
[2.584s] Level 1:colcon.colcon_core.environment:create_file_with_runtime_dependencies(/home/mustardking/ws_sensor_combined/install/px4_ros_com/share/colcon-core/packages/px4_ros_com)
[2.584s] DEBUG:colcon.colcon_parallel_executor.executor.parallel:closing loop
[2.585s] DEBUG:colcon.colcon_parallel_executor.executor.parallel:loop closed
[2.585s] DEBUG:colcon.colcon_parallel_executor.executor.parallel:run_until_complete finished with '0'
[2.585s] DEBUG:colcon.colcon_core.event_reactor:joining thread
[2.590s] INFO:colcon.colcon_core.plugin_system:Skipping extension 'colcon_notification.desktop_notification.terminal_notifier': Not used on non-Darwin systems
[2.590s] INFO:colcon.colcon_core.plugin_system:Skipping extension 'colcon_notification.desktop_notification.win32': Not used on non-Windows systems
[2.590s] INFO:colcon.colcon_notification.desktop_notification:Sending desktop notification using 'notify2'
[2.659s] DEBUG:colcon.colcon_core.event_reactor:joined thread
[2.660s] INFO:colcon.colcon_core.shell:Creating prefix script '/home/mustardking/ws_sensor_combined/install/local_setup.ps1'
[2.661s] INFO:colcon.colcon_core.shell:Creating prefix util module '/home/mustardking/ws_sensor_combined/install/_local_setup_util_ps1.py'
[2.662s] INFO:colcon.colcon_core.shell:Creating prefix chain script '/home/mustardking/ws_sensor_combined/install/setup.ps1'
[2.663s] INFO:colcon.colcon_core.shell:Creating prefix script '/home/mustardking/ws_sensor_combined/install/local_setup.sh'
[2.671s] INFO:colcon.colcon_core.shell:Creating prefix util module '/home/mustardking/ws_sensor_combined/install/_local_setup_util_sh.py'
[2.672s] INFO:colcon.colcon_core.shell:Creating prefix chain script '/home/mustardking/ws_sensor_combined/install/setup.sh'
[2.678s] INFO:colcon.colcon_core.shell:Creating prefix script '/home/mustardking/ws_sensor_combined/install/local_setup.bash'
[2.678s] INFO:colcon.colcon_core.shell:Creating prefix chain script '/home/mustardking/ws_sensor_combined/install/setup.bash'
[2.679s] INFO:colcon.colcon_core.shell:Creating prefix script '/home/mustardking/ws_sensor_combined/install/local_setup.zsh'
[2.680s] INFO:colcon.colcon_core.shell:Creating prefix chain script '/home/mustardking/ws_sensor_combined/install/setup.zsh'
